This file contains any messages produced by compilers while
running configure, to aid debugging if configure makes a mistake.

It was created by multi-delogo configure 2.5.0, which was
generated by GNU Autoconf 2.71.  Invocation command line was

  $ ./configure --no-create --no-recursion

## --------- ##
## Platform. ##
## --------- ##

hostname = Lakshmi-Narayana-K
uname -m = x86_64
uname -r = 6.14.0-37-generic
uname -s = Linux
uname -v = #37~24.04.1-Ubuntu SMP PREEMPT_DYNAMIC Thu Nov 20 10:25:38 UTC 2

/usr/bin/uname -p = x86_64
/bin/uname -X     = unknown

/bin/arch              = x86_64
/usr/bin/arch -k       = unknown
/usr/convex/getsysinfo = unknown
/usr/bin/hostinfo      = unknown
/bin/machine           = unknown
/usr/bin/oslevel       = unknown
/bin/universe          = unknown

PATH: /home/nxtwave/.local/bin/
PATH: /home/nxtwave/.nvm/versions/node/v22.22.0/bin/
PATH: /home/nxtwave/.local/share/pnpm/
PATH: /tmp/.mount_cursorjKjgaE/usr/bin/
PATH: /tmp/.mount_cursorjKjgaE/usr/sbin/
PATH: /tmp/.mount_cursorjKjgaE/usr/games/
PATH: /tmp/.mount_cursorjKjgaE/bin/
PATH: /tmp/.mount_cursorjKjgaE/sbin/
PATH: /home/nxtwave/.local/bin/
PATH: /usr/local/sbin/
PATH: /usr/local/bin/
PATH: /usr/sbin/
PATH: /usr/bin/
PATH: /sbin/
PATH: /bin/
PATH: /usr/games/
PATH: /usr/local/games/
PATH: /snap/bin/
PATH: /snap/bin/
PATH: /home/nxtwave/.local/bin/
PATH: /home/nxtwave/.local/bin/


## ----------- ##
## Core tests. ##
## ----------- ##

configure:2624: looking for aux files: config.rpath compile config.guess config.sub missing install-sh
configure:2637:  trying ./
configure:2666:   ./config.rpath found
configure:2666:   ./compile found
configure:2666:   ./config.guess found
configure:2666:   ./config.sub found
configure:2666:   ./missing found
configure:2648:   ./install-sh found
configure:2799: checking for a BSD-compatible install
configure:2872: result: /usr/bin/install -c
configure:2883: checking whether build environment is sane
configure:2938: result: yes
configure:3097: checking for a race-free mkdir -p
configure:3141: result: /usr/bin/mkdir -p
configure:3148: checking for gawk
configure:3183: result: no
configure:3148: checking for mawk
configure:3169: found /usr/bin/mawk
configure:3180: result: mawk
configure:3191: checking whether make sets $(MAKE)
configure:3214: result: yes
configure:3244: checking whether make supports nested variables
configure:3262: result: yes
configure:3410: checking whether make supports nested variables
configure:3428: result: yes
configure:3446: checking build system type
configure:3461: result: x86_64-pc-linux-gnu
configure:3481: checking host system type
configure:3495: result: x86_64-pc-linux-gnu
configure:3578: checking for gcc
configure:3599: found /usr/bin/gcc
configure:3610: result: gcc
configure:3963: checking for C compiler version
configure:3972: gcc --version >&5
gcc (Ubuntu 13.3.0-6ubuntu2~24.04) 13.3.0
Copyright (C) 2023 Free Software Foundation, Inc.
This is free software; see the source for copying conditions.  There is NO
warranty; not even for MERCHANTABILITY or FITNESS FOR A PARTICULAR PURPOSE.

configure:3983: $? = 0
configure:3972: gcc -v >&5
Using built-in specs.
COLLECT_GCC=gcc
COLLECT_LTO_WRAPPER=/usr/libexec/gcc/x86_64-linux-gnu/13/lto-wrapper
OFFLOAD_TARGET_NAMES=nvptx-none:amdgcn-amdhsa
OFFLOAD_TARGET_DEFAULT=1
Target: x86_64-linux-gnu
Configured with: ../src/configure -v --with-pkgversion='Ubuntu 13.3.0-6ubuntu2~24.04' --with-bugurl=file:///usr/share/doc/gcc-13/README.Bugs --enable-languages=c,ada,c++,go,d,fortran,objc,obj-c++,m2 --prefix=/usr --with-gcc-major-version-only --program-suffix=-13 --program-prefix=x86_64-linux-gnu- --enable-shared --enable-linker-build-id --libexecdir=/usr/libexec --without-included-gettext --enable-threads=posix --libdir=/usr/lib --enable-nls --enable-bootstrap --enable-clocale=gnu --enable-libstdcxx-debug --enable-libstdcxx-time=yes --with-default-libstdcxx-abi=new --enable-libstdcxx-backtrace --enable-gnu-unique-object --disable-vtable-verify --enable-plugin --enable-default-pie --with-system-zlib --enable-libphobos-checking=release --with-target-system-zlib=auto --enable-objc-gc=auto --enable-multiarch --disable-werror --enable-cet --with-arch-32=i686 --with-abi=m64 --with-multilib-list=m32,m64,mx32 --enable-multilib --with-tune=generic --enable-offload-targets=nvptx-none=/build/gcc-13-fG75Ri/gcc-13-13.3.0/debian/tmp-nvptx/usr,amdgcn-amdhsa=/build/gcc-13-fG75Ri/gcc-13-13.3.0/debian/tmp-gcn/usr --enable-offload-defaulted --without-cuda-driver --enable-checking=release --build=x86_64-linux-gnu --host=x86_64-linux-gnu --target=x86_64-linux-gnu --with-build-config=bootstrap-lto-lean --enable-link-serialization=2
Thread model: posix
Supported LTO compression algorithms: zlib zstd
gcc version 13.3.0 (Ubuntu 13.3.0-6ubuntu2~24.04) 
... rest of stderr output deleted ...
configure:3983: $? = 0
configure:3972: gcc -V >&5
gcc: error: unrecognized command-line option '-V'
gcc: fatal error: no input files
compilation terminated.
configure:3983: $? = 1
configure:3972: gcc -qversion >&5
gcc: error: unrecognized command-line option '-qversion'; did you mean '--version'?
gcc: fatal error: no input files
compilation terminated.
configure:3983: $? = 1
configure:3972: gcc -version >&5
gcc: error: unrecognized command-line option '-version'
gcc: fatal error: no input files
compilation terminated.
configure:3983: $? = 1
configure:4003: checking whether the C compiler works
configure:4025: gcc    conftest.c  >&5
configure:4029: $? = 0
configure:4079: result: yes
configure:4082: checking for C compiler default output file name
configure:4084: result: a.out
configure:4090: checking for suffix of executables
configure:4097: gcc -o conftest    conftest.c  >&5
configure:4101: $? = 0
configure:4124: result: 
configure:4146: checking whether we are cross compiling
configure:4154: gcc -o conftest    conftest.c  >&5
configure:4158: $? = 0
configure:4165: ./conftest
configure:4169: $? = 0
configure:4184: result: no
configure:4189: checking for suffix of object files
configure:4212: gcc -c   conftest.c >&5
configure:4216: $? = 0
configure:4238: result: o
configure:4242: checking whether the compiler supports GNU C
configure:4262: gcc -c   conftest.c >&5
configure:4262: $? = 0
configure:4272: result: yes
configure:4283: checking whether gcc accepts -g
configure:4304: gcc -c -g  conftest.c >&5
configure:4304: $? = 0
configure:4348: result: yes
configure:4368: checking for gcc option to enable C11 features
configure:4383: gcc  -c -g -O2  conftest.c >&5
configure:4383: $? = 0
configure:4401: result: none needed
configure:4517: checking whether gcc understands -c and -o together
configure:4540: gcc -c conftest.c -o conftest2.o
configure:4543: $? = 0
configure:4540: gcc -c conftest.c -o conftest2.o
configure:4543: $? = 0
configure:4555: result: yes
configure:4575: checking whether make supports the include directive
configure:4590: make -f confmf.GNU && cat confinc.out
make[1]: Entering directory '/home/nxtwave/Desktop/CodeBase-HUB/multi-delogo'
make[1]: Leaving directory '/home/nxtwave/Desktop/CodeBase-HUB/multi-delogo'
this is the am__doit target
configure:4593: $? = 0
configure:4612: result: yes (GNU style)
configure:4638: checking dependency style of gcc
configure:4750: result: gcc3
configure:4834: checking for g++
configure:4855: found /usr/bin/g++
configure:4866: result: g++
configure:4893: checking for C++ compiler version
configure:4902: g++ --version >&5
g++ (Ubuntu 13.3.0-6ubuntu2~24.04) 13.3.0
Copyright (C) 2023 Free Software Foundation, Inc.
This is free software; see the source for copying conditions.  There is NO
warranty; not even for MERCHANTABILITY or FITNESS FOR A PARTICULAR PURPOSE.

configure:4913: $? = 0
configure:4902: g++ -v >&5
Using built-in specs.
COLLECT_GCC=g++
COLLECT_LTO_WRAPPER=/usr/libexec/gcc/x86_64-linux-gnu/13/lto-wrapper
OFFLOAD_TARGET_NAMES=nvptx-none:amdgcn-amdhsa
OFFLOAD_TARGET_DEFAULT=1
Target: x86_64-linux-gnu
Configured with: ../src/configure -v --with-pkgversion='Ubuntu 13.3.0-6ubuntu2~24.04' --with-bugurl=file:///usr/share/doc/gcc-13/README.Bugs --enable-languages=c,ada,c++,go,d,fortran,objc,obj-c++,m2 --prefix=/usr --with-gcc-major-version-only --program-suffix=-13 --program-prefix=x86_64-linux-gnu- --enable-shared --enable-linker-build-id --libexecdir=/usr/libexec --without-included-gettext --enable-threads=posix --libdir=/usr/lib --enable-nls --enable-bootstrap --enable-clocale=gnu --enable-libstdcxx-debug --enable-libstdcxx-time=yes --with-default-libstdcxx-abi=new --enable-libstdcxx-backtrace --enable-gnu-unique-object --disable-vtable-verify --enable-plugin --enable-default-pie --with-system-zlib --enable-libphobos-checking=release --with-target-system-zlib=auto --enable-objc-gc=auto --enable-multiarch --disable-werror --enable-cet --with-arch-32=i686 --with-abi=m64 --with-multilib-list=m32,m64,mx32 --enable-multilib --with-tune=generic --enable-offload-targets=nvptx-none=/build/gcc-13-fG75Ri/gcc-13-13.3.0/debian/tmp-nvptx/usr,amdgcn-amdhsa=/build/gcc-13-fG75Ri/gcc-13-13.3.0/debian/tmp-gcn/usr --enable-offload-defaulted --without-cuda-driver --enable-checking=release --build=x86_64-linux-gnu --host=x86_64-linux-gnu --target=x86_64-linux-gnu --with-build-config=bootstrap-lto-lean --enable-link-serialization=2
Thread model: posix
Supported LTO compression algorithms: zlib zstd
gcc version 13.3.0 (Ubuntu 13.3.0-6ubuntu2~24.04) 
... rest of stderr output deleted ...
configure:4913: $? = 0
configure:4902: g++ -V >&5
g++: error: unrecognized command-line option '-V'
g++: fatal error: no input files
compilation terminated.
configure:4913: $? = 1
configure:4902: g++ -qversion >&5
g++: error: unrecognized command-line option '-qversion'; did you mean '--version'?
g++: fatal error: no input files
compilation terminated.
configure:4913: $? = 1
configure:4917: checking whether the compiler supports GNU C++
configure:4937: g++ -c   conftest.cpp >&5
configure:4937: $? = 0
configure:4947: result: yes
configure:4958: checking whether g++ accepts -g
configure:4979: g++ -c -g  conftest.cpp >&5
configure:4979: $? = 0
configure:5023: result: yes
configure:5043: checking for g++ option to enable C++11 features
configure:5058: g++  -c -g -O2  conftest.cpp >&5
conftest.cpp: In function 'int main(int, char**)':
conftest.cpp:177:25: warning: empty parentheses were disambiguated as a function declaration [-Wvexing-parse]
  177 |   cxx11test::delegate d2();
      |                         ^~
conftest.cpp:177:25: note: remove parentheses to default-initialize a variable
  177 |   cxx11test::delegate d2();
      |                         ^~
      |                         --
conftest.cpp:177:25: note: or replace parentheses with braces to value-initialize a variable
configure:5058: $? = 0
configure:5076: result: none needed
configure:5142: checking dependency style of g++
configure:5254: result: gcc3
configure:5277: checking whether g++ supports C++14 features by default
configure:5692: g++ -c -g -O2  conftest.cpp >&5
configure:5692: $? = 0
configure:5700: result: yes
configure:6670: checking for ranlib
configure:6691: found /usr/bin/ranlib
configure:6702: result: ranlib
configure:6725: checking for a sed that does not truncate output
configure:6795: result: /usr/bin/sed
configure:6806: checking how to run the C preprocessor
configure:6832: gcc -E  conftest.c
configure:6832: $? = 0
configure:6847: gcc -E  conftest.c
conftest.c:12:10: fatal error: ac_nonexistent.h: No such file or directory
   12 | #include <ac_nonexistent.h>
      |          ^~~~~~~~~~~~~~~~~~
compilation terminated.
configure:6847: $? = 1
configure: failed program was:
| /* confdefs.h */
| #define PACKAGE_NAME "multi-delogo"
| #define PACKAGE_TARNAME "multi-delogo"
| #define PACKAGE_VERSION "2.5.0"
| #define PACKAGE_STRING "multi-delogo 2.5.0"
| #define PACKAGE_BUGREPORT ""
| #define PACKAGE_URL ""
| #define PACKAGE "multi-delogo"
| #define VERSION "2.5.0"
| #define HAVE_CXX14 1
| /* end confdefs.h.  */
| #include <ac_nonexistent.h>
configure:6874: result: gcc -E
configure:6888: gcc -E  conftest.c
configure:6888: $? = 0
configure:6903: gcc -E  conftest.c
conftest.c:12:10: fatal error: ac_nonexistent.h: No such file or directory
   12 | #include <ac_nonexistent.h>
      |          ^~~~~~~~~~~~~~~~~~
compilation terminated.
configure:6903: $? = 1
configure: failed program was:
| /* confdefs.h */
| #define PACKAGE_NAME "multi-delogo"
| #define PACKAGE_TARNAME "multi-delogo"
| #define PACKAGE_VERSION "2.5.0"
| #define PACKAGE_STRING "multi-delogo 2.5.0"
| #define PACKAGE_BUGREPORT ""
| #define PACKAGE_URL ""
| #define PACKAGE "multi-delogo"
| #define VERSION "2.5.0"
| #define HAVE_CXX14 1
| /* end confdefs.h.  */
| #include <ac_nonexistent.h>
configure:6934: checking for grep that handles long lines and -e
configure:6998: result: /usr/bin/grep
configure:7003: checking for egrep
configure:7071: result: /usr/bin/grep -E
configure:7236: checking whether gcc is Clang
configure:7263: result: no
configure:7328: checking whether pthreads work with "-pthread" and "-lpthread"
configure:7439: gcc -o conftest -g -O2 -pthread   conftest.c -lpthread  >&5
configure:7439: $? = 0
configure:7449: result: yes
configure:7572: checking for joinable pthread attribute
configure:7591: gcc -o conftest -g -O2 -pthread   conftest.c -lpthread  >&5
configure:7591: $? = 0
configure:7600: result: PTHREAD_CREATE_JOINABLE
configure:7613: checking whether more special flags are required for pthreads
configure:7627: result: no
configure:7636: checking for PTHREAD_PRIO_INHERIT
configure:7654: gcc -o conftest -g -O2 -pthread   conftest.c -lpthread  >&5
configure:7654: $? = 0
configure:7664: result: yes
configure:7899: checking for pkg-config
configure:7922: found /usr/bin/pkg-config
configure:7934: result: /usr/bin/pkg-config
configure:7959: checking pkg-config is at least version 0.9.0
configure:7962: result: yes
configure:7972: checking for glib-2.0 >= 2.70.0
configure:7979: $PKG_CONFIG --exists --print-errors "glib-2.0 >= 2.70.0"
configure:7982: $? = 0
configure:7996: $PKG_CONFIG --exists --print-errors "glib-2.0 >= 2.70.0"
configure:7999: $? = 0
configure:8057: result: yes
configure:8064: checking for gtkmm-3.0 >= 3.19.7
configure:8071: $PKG_CONFIG --exists --print-errors "gtkmm-3.0 >= 3.19.7"
configure:8074: $? = 0
configure:8088: $PKG_CONFIG --exists --print-errors "gtkmm-3.0 >= 3.19.7"
configure:8091: $? = 0
configure:8149: result: yes
configure:8158: checking for goocanvas-2.0
configure:8165: $PKG_CONFIG --exists --print-errors "goocanvas-2.0"
configure:8168: $? = 0
configure:8182: $PKG_CONFIG --exists --print-errors "goocanvas-2.0"
configure:8185: $? = 0
configure:8407: result: yes
configure:8416: checking for opencv4 >= 4.0
configure:8423: $PKG_CONFIG --exists --print-errors "opencv4 >= 4.0"
configure:8426: $? = 0
configure:8440: $PKG_CONFIG --exists --print-errors "opencv4 >= 4.0"
configure:8443: $? = 0
configure:8501: result: yes
configure:8529: checking for jsoncpp >= 1.7.0
configure:8536: $PKG_CONFIG --exists --print-errors "jsoncpp >= 1.7.0"
configure:8539: $? = 0
configure:8553: $PKG_CONFIG --exists --print-errors "jsoncpp >= 1.7.0"
configure:8556: $? = 0
configure:8614: result: yes
configure:8770: checking for boostlib >= 1.46 (104600)
configure:8802: g++ -c -g -O2  -I/usr/include conftest.cpp >&5
configure:8802: $? = 0
configure:8805: result: yes
configure:9003: checking whether the Boost::Unit_Test_Framework library is available
configure:9027: g++ -c -g -O2  -I/usr/include conftest.cpp >&5
configure:9027: $? = 0
configure:9042: result: yes
configure:9169: checking whether NLS is requested
configure:9179: result: yes
configure:9219: checking for msgfmt
configure: trying /usr/bin/msgfmt...
0 translated messages.
configure:9252: result: /usr/bin/msgfmt
configure:9261: checking for gmsgfmt
configure:9297: result: /usr/bin/msgfmt
configure:9347: checking for xgettext
configure: trying /usr/bin/xgettext...
/usr/bin/xgettext: warning: file '/dev/null' extension '' is unknown; will try C
configure:9380: result: /usr/bin/xgettext
configure:9425: checking for msgmerge
configure: trying /usr/bin/msgmerge...
configure:9457: result: /usr/bin/msgmerge
configure:9516: checking for ld used by gcc
configure:9584: result: /usr/bin/ld
configure:9591: checking if the linker (/usr/bin/ld) is GNU ld
configure:9607: result: yes
configure:9615: checking for shared library run path origin
configure:9629: result: done
configure:10205: checking for CFPreferencesCopyAppValue
configure:10224: gcc -o conftest -g -O2   conftest.c  -Wl,-framework -Wl,CoreFoundation >&5
conftest.c:17:10: fatal error: CoreFoundation/CFPreferences.h: No such file or directory
   17 | #include <CoreFoundation/CFPreferences.h>
      |          ^~~~~~~~~~~~~~~~~~~~~~~~~~~~~~~~
compilation terminated.
configure:10224: $? = 1
configure: failed program was:
| /* confdefs.h */
| #define PACKAGE_NAME "multi-delogo"
| #define PACKAGE_TARNAME "multi-delogo"
| #define PACKAGE_VERSION "2.5.0"
| #define PACKAGE_STRING "multi-delogo 2.5.0"
| #define PACKAGE_BUGREPORT ""
| #define PACKAGE_URL ""
| #define PACKAGE "multi-delogo"
| #define VERSION "2.5.0"
| #define HAVE_CXX14 1
| #define HAVE_PTHREAD_PRIO_INHERIT 1
| #define HAVE_PTHREAD 1
| #define HAVE_BOOST /**/
| #define HAVE_BOOST_UNIT_TEST_FRAMEWORK /**/
| #define GETTEXT_PACKAGE "multi-delogo"
| /* end confdefs.h.  */
| #include <CoreFoundation/CFPreferences.h>
| int
| main (void)
| {
| CFPreferencesCopyAppValue(NULL, NULL)
|   ;
|   return 0;
| }
configure:10234: result: no
configure:10241: checking for CFLocaleCopyCurrent
configure:10260: gcc -o conftest -g -O2   conftest.c  -Wl,-framework -Wl,CoreFoundation >&5
conftest.c:17:10: fatal error: CoreFoundation/CFLocale.h: No such file or directory
   17 | #include <CoreFoundation/CFLocale.h>
      |          ^~~~~~~~~~~~~~~~~~~~~~~~~~~
compilation terminated.
configure:10260: $? = 1
configure: failed program was:
| /* confdefs.h */
| #define PACKAGE_NAME "multi-delogo"
| #define PACKAGE_TARNAME "multi-delogo"
| #define PACKAGE_VERSION "2.5.0"
| #define PACKAGE_STRING "multi-delogo 2.5.0"
| #define PACKAGE_BUGREPORT ""
| #define PACKAGE_URL ""
| #define PACKAGE "multi-delogo"
| #define VERSION "2.5.0"
| #define HAVE_CXX14 1
| #define HAVE_PTHREAD_PRIO_INHERIT 1
| #define HAVE_PTHREAD 1
| #define HAVE_BOOST /**/
| #define HAVE_BOOST_UNIT_TEST_FRAMEWORK /**/
| #define GETTEXT_PACKAGE "multi-delogo"
| /* end confdefs.h.  */
| #include <CoreFoundation/CFLocale.h>
| int
| main (void)
| {
| CFLocaleCopyCurrent();
|   ;
|   return 0;
| }
configure:10270: result: no
configure:10319: checking for GNU gettext in libc
configure:10349: gcc -o conftest -g -O2   conftest.c  >&5
configure:10349: $? = 0
configure:10359: result: yes
configure:11216: checking whether to use NLS
configure:11218: result: yes
configure:11221: checking where the gettext function comes from
configure:11232: result: libc
configure:11446: checking that generated files are newer than configure
configure:11452: result: done
configure:11483: creating ./config.status

## ---------------- ##
## Cache variables. ##
## ---------------- ##

ac_cv_build=x86_64-pc-linux-gnu
ac_cv_c_compiler_gnu=yes
ac_cv_cxx_compiler_gnu=yes
ac_cv_env_CCC_set=
ac_cv_env_CCC_value=
ac_cv_env_CC_set=
ac_cv_env_CC_value=
ac_cv_env_CFLAGS_set=
ac_cv_env_CFLAGS_value=
ac_cv_env_CPPFLAGS_set=
ac_cv_env_CPPFLAGS_value=
ac_cv_env_CPP_set=
ac_cv_env_CPP_value=
ac_cv_env_CXXFLAGS_set=
ac_cv_env_CXXFLAGS_value=
ac_cv_env_CXX_set=
ac_cv_env_CXX_value=
ac_cv_env_GLIB_CFLAGS_set=
ac_cv_env_GLIB_CFLAGS_value=
ac_cv_env_GLIB_LIBS_set=
ac_cv_env_GLIB_LIBS_value=
ac_cv_env_GOOCANVAS_CFLAGS_set=
ac_cv_env_GOOCANVAS_CFLAGS_value=
ac_cv_env_GOOCANVAS_LIBS_set=
ac_cv_env_GOOCANVAS_LIBS_value=
ac_cv_env_GTKMM_CFLAGS_set=
ac_cv_env_GTKMM_CFLAGS_value=
ac_cv_env_GTKMM_LIBS_set=
ac_cv_env_GTKMM_LIBS_value=
ac_cv_env_JSONCPP_CFLAGS_set=
ac_cv_env_JSONCPP_CFLAGS_value=
ac_cv_env_JSONCPP_LIBS_set=
ac_cv_env_JSONCPP_LIBS_value=
ac_cv_env_LDFLAGS_set=
ac_cv_env_LDFLAGS_value=
ac_cv_env_LIBS_set=
ac_cv_env_LIBS_value=
ac_cv_env_OPENCV_CFLAGS_set=
ac_cv_env_OPENCV_CFLAGS_value=
ac_cv_env_OPENCV_LIBS_set=
ac_cv_env_OPENCV_LIBS_value=
ac_cv_env_PKG_CONFIG_LIBDIR_set=
ac_cv_env_PKG_CONFIG_LIBDIR_value=
ac_cv_env_PKG_CONFIG_PATH_set=
ac_cv_env_PKG_CONFIG_PATH_value=
ac_cv_env_PKG_CONFIG_set=
ac_cv_env_PKG_CONFIG_value=
ac_cv_env_build_alias_set=
ac_cv_env_build_alias_value=
ac_cv_env_host_alias_set=
ac_cv_env_host_alias_value=
ac_cv_env_target_alias_set=
ac_cv_env_target_alias_value=
ac_cv_host=x86_64-pc-linux-gnu
ac_cv_objext=o
ac_cv_path_EGREP='/usr/bin/grep -E'
ac_cv_path_GMSGFMT=/usr/bin/msgfmt
ac_cv_path_GREP=/usr/bin/grep
ac_cv_path_MSGFMT=/usr/bin/msgfmt
ac_cv_path_MSGMERGE=/usr/bin/msgmerge
ac_cv_path_SED=/usr/bin/sed
ac_cv_path_XGETTEXT=/usr/bin/xgettext
ac_cv_path_ac_pt_PKG_CONFIG=/usr/bin/pkg-config
ac_cv_path_install='/usr/bin/install -c'
ac_cv_path_mkdir=/usr/bin/mkdir
ac_cv_prog_AWK=mawk
ac_cv_prog_CPP='gcc -E'
ac_cv_prog_ac_ct_CC=gcc
ac_cv_prog_ac_ct_CXX=g++
ac_cv_prog_ac_ct_RANLIB=ranlib
ac_cv_prog_cc_c11=
ac_cv_prog_cc_g=yes
ac_cv_prog_cc_stdc=
ac_cv_prog_cxx_cxx11=
ac_cv_prog_cxx_g=yes
ac_cv_prog_cxx_stdcxx=
ac_cv_prog_make_make_set=yes
acl_cv_hardcode_direct=no
acl_cv_hardcode_libdir_flag_spec='${wl}-rpath ${wl}$libdir'
acl_cv_hardcode_libdir_separator=
acl_cv_hardcode_minus_L=no
acl_cv_libext=a
acl_cv_libname_spec='lib$name'
acl_cv_library_names_spec='$libname$shrext'
acl_cv_path_LD=/usr/bin/ld
acl_cv_prog_gnu_ld=yes
acl_cv_rpath=done
acl_cv_shlibext=so
acl_cv_wl=-Wl,
am_cv_CC_dependencies_compiler_type=gcc3
am_cv_CXX_dependencies_compiler_type=gcc3
am_cv_make_support_nested_variables=yes
am_cv_prog_cc_c_o=yes
ax_cv_PTHREAD_CLANG=no
ax_cv_PTHREAD_JOINABLE_ATTR=PTHREAD_CREATE_JOINABLE
ax_cv_PTHREAD_PRIO_INHERIT=yes
ax_cv_PTHREAD_SPECIAL_FLAGS=no
ax_cv_boost_unit_test_framework=yes
ax_cv_cxx_compile_cxx14=yes
gt_cv_func_CFLocaleCopyCurrent=no
gt_cv_func_CFPreferencesCopyAppValue=no
gt_cv_func_gnugettext1_libc=yes
pkg_cv_GLIB_CFLAGS='-I/usr/include/glib-2.0 -I/usr/lib/x86_64-linux-gnu/glib-2.0/include '
pkg_cv_GLIB_LIBS='-lglib-2.0 '
pkg_cv_GOOCANVAS_CFLAGS='-I/usr/include/goocanvas-2.0 -I/usr/include/gtk-3.0 -I/usr/include/pango-1.0 -I/usr/include/glib-2.0 -I/usr/lib/x86_64-linux-gnu/glib-2.0/include -I/usr/include/harfbuzz -I/usr/include/freetype2 -I/usr/include/libpng16 -I/usr/include/libmount -I/usr/include/blkid -I/usr/include/fribidi -I/usr/include/cairo -I/usr/include/pixman-1 -I/usr/include/gdk-pixbuf-2.0 -I/usr/include/x86_64-linux-gnu -I/usr/include/webp -I/usr/include/gio-unix-2.0 -I/usr/include/atk-1.0 -I/usr/include/at-spi2-atk/2.0 -I/usr/include/at-spi-2.0 -I/usr/include/dbus-1.0 -I/usr/lib/x86_64-linux-gnu/dbus-1.0/include -pthread '
pkg_cv_GOOCANVAS_LIBS='-lgoocanvas-2.0 -lgtk-3 -lgdk-3 -lz -lpangocairo-1.0 -lpango-1.0 -lharfbuzz -latk-1.0 -lcairo-gobject -lgdk_pixbuf-2.0 -lgio-2.0 -lgobject-2.0 -lglib-2.0 -lcairo '
pkg_cv_GTKMM_CFLAGS='-I/usr/include/gtkmm-3.0 -I/usr/lib/x86_64-linux-gnu/gtkmm-3.0/include -I/usr/include/giomm-2.4 -I/usr/lib/x86_64-linux-gnu/giomm-2.4/include -I/usr/include/glib-2.0 -I/usr/lib/x86_64-linux-gnu/glib-2.0/include -I/usr/include/libmount -I/usr/include/blkid -I/usr/include/glibmm-2.4 -I/usr/lib/x86_64-linux-gnu/glibmm-2.4/include -I/usr/include/sigc++-2.0 -I/usr/lib/x86_64-linux-gnu/sigc++-2.0/include -I/usr/include/gtk-3.0 -I/usr/include/pango-1.0 -I/usr/include/harfbuzz -I/usr/include/freetype2 -I/usr/include/libpng16 -I/usr/include/fribidi -I/usr/include/cairo -I/usr/include/pixman-1 -I/usr/include/gdk-pixbuf-2.0 -I/usr/include/x86_64-linux-gnu -I/usr/include/webp -I/usr/include/gio-unix-2.0 -I/usr/include/atk-1.0 -I/usr/include/at-spi2-atk/2.0 -I/usr/include/at-spi-2.0 -I/usr/include/dbus-1.0 -I/usr/lib/x86_64-linux-gnu/dbus-1.0/include -I/usr/include/cairomm-1.0 -I/usr/lib/x86_64-linux-gnu/cairomm-1.0/include -I/usr/include/pangomm-1.4 -I/usr/lib/x86_64-linux-gnu/pangomm-1.4/include -I/usr/include/atkmm-1.6 -I/usr/lib/x86_64-linux-gnu/atkmm-1.6/include -I/usr/include/gtk-3.0/unix-print -I/usr/include/gdkmm-3.0 -I/usr/lib/x86_64-linux-gnu/gdkmm-3.0/include -pthread '
pkg_cv_GTKMM_LIBS='-lgtkmm-3.0 -latkmm-1.6 -lgdkmm-3.0 -lgiomm-2.4 -lgtk-3 -lgdk-3 -lz -latk-1.0 -lcairo-gobject -lgio-2.0 -lpangomm-1.4 -lglibmm-2.4 -lcairomm-1.0 -lsigc-2.0 -lpangocairo-1.0 -lpango-1.0 -lharfbuzz -lcairo -lgdk_pixbuf-2.0 -lgobject-2.0 -lglib-2.0 '
pkg_cv_JSONCPP_CFLAGS='-I/usr/include/jsoncpp '
pkg_cv_JSONCPP_LIBS='-ljsoncpp '
pkg_cv_OPENCV_CFLAGS='-I/usr/include/opencv4 '
pkg_cv_OPENCV_LIBS='-lopencv_stitching -lopencv_alphamat -lopencv_aruco -lopencv_barcode -lopencv_bgsegm -lopencv_bioinspired -lopencv_ccalib -lopencv_cvv -lopencv_dnn_objdetect -lopencv_dnn_superres -lopencv_dpm -lopencv_face -lopencv_freetype -lopencv_fuzzy -lopencv_hdf -lopencv_hfs -lopencv_img_hash -lopencv_intensity_transform -lopencv_line_descriptor -lopencv_mcc -lopencv_quality -lopencv_rapid -lopencv_reg -lopencv_rgbd -lopencv_saliency -lopencv_shape -lopencv_stereo -lopencv_structured_light -lopencv_phase_unwrapping -lopencv_superres -lopencv_optflow -lopencv_surface_matching -lopencv_tracking -lopencv_highgui -lopencv_datasets -lopencv_text -lopencv_plot -lopencv_ml -lopencv_videostab -lopencv_videoio -lopencv_viz -lopencv_wechat_qrcode -lopencv_ximgproc -lopencv_video -lopencv_xobjdetect -lopencv_objdetect -lopencv_calib3d -lopencv_imgcodecs -lopencv_features2d -lopencv_dnn -lopencv_flann -lopencv_xphoto -lopencv_photo -lopencv_imgproc -lopencv_core '

## ----------------- ##
## Output variables. ##
## ----------------- ##

ACLOCAL='${SHELL} '\''/home/nxtwave/Desktop/CodeBase-HUB/multi-delogo/missing'\'' aclocal-1.16'
AMDEPBACKSLASH='\'
AMDEP_FALSE='#'
AMDEP_TRUE=''
AMTAR='$${TAR-tar}'
AM_BACKSLASH='\'
AM_DEFAULT_V='$(AM_DEFAULT_VERBOSITY)'
AM_DEFAULT_VERBOSITY='0'
AM_V='$(V)'
AUTOCONF='${SHELL} '\''/home/nxtwave/Desktop/CodeBase-HUB/multi-delogo/missing'\'' autoconf'
AUTOHEADER='${SHELL} '\''/home/nxtwave/Desktop/CodeBase-HUB/multi-delogo/missing'\'' autoheader'
AUTOMAKE='${SHELL} '\''/home/nxtwave/Desktop/CodeBase-HUB/multi-delogo/missing'\'' automake-1.16'
AWK='mawk'
BOOST_CPPFLAGS='-I/usr/include'
BOOST_LDFLAGS='-L/usr/lib/x86_64-linux-gnu'
BOOST_UNIT_TEST_FRAMEWORK_LIB='-lboost_unit_test_framework'
CC='gcc'
CCDEPMODE='depmode=gcc3'
CFLAGS='-g -O2'
CPP='gcc -E'
CPPFLAGS=''
CSCOPE='cscope'
CTAGS='ctags'
CXX='g++'
CXXDEPMODE='depmode=gcc3'
CXXFLAGS='-g -O2'
CYGPATH_W='echo'
DEFS='-DPACKAGE_NAME=\"multi-delogo\" -DPACKAGE_TARNAME=\"multi-delogo\" -DPACKAGE_VERSION=\"2.5.0\" -DPACKAGE_STRING=\"multi-delogo\ 2.5.0\" -DPACKAGE_BUGREPORT=\"\" -DPACKAGE_URL=\"\" -DPACKAGE=\"multi-delogo\" -DVERSION=\"2.5.0\" -DHAVE_CXX14=1 -DHAVE_PTHREAD_PRIO_INHERIT=1 -DHAVE_PTHREAD=1 -DHAVE_BOOST=/\*\*/ -DHAVE_BOOST_UNIT_TEST_FRAMEWORK=/\*\*/ -DGETTEXT_PACKAGE=\"multi-delogo\" -DENABLE_NLS=1 -DHAVE_GETTEXT=1 -DHAVE_DCGETTEXT=1'
DEPDIR='.deps'
ECHO_C=''
ECHO_N='-n'
ECHO_T=''
EGREP='/usr/bin/grep -E'
ETAGS='etags'
EXEEXT=''
GETTEXT_MACRO_VERSION='0.19'
GETTEXT_PACKAGE='multi-delogo'
GLIB_CFLAGS='-I/usr/include/glib-2.0 -I/usr/lib/x86_64-linux-gnu/glib-2.0/include '
GLIB_LIBS='-lglib-2.0 '
GMSGFMT='/usr/bin/msgfmt'
GMSGFMT_015='/usr/bin/msgfmt'
GOOCANVAS_CFLAGS='-I/usr/include/goocanvas-2.0 -I/usr/include/gtk-3.0 -I/usr/include/pango-1.0 -I/usr/include/glib-2.0 -I/usr/lib/x86_64-linux-gnu/glib-2.0/include -I/usr/include/harfbuzz -I/usr/include/freetype2 -I/usr/include/libpng16 -I/usr/include/libmount -I/usr/include/blkid -I/usr/include/fribidi -I/usr/include/cairo -I/usr/include/pixman-1 -I/usr/include/gdk-pixbuf-2.0 -I/usr/include/x86_64-linux-gnu -I/usr/include/webp -I/usr/include/gio-unix-2.0 -I/usr/include/atk-1.0 -I/usr/include/at-spi2-atk/2.0 -I/usr/include/at-spi-2.0 -I/usr/include/dbus-1.0 -I/usr/lib/x86_64-linux-gnu/dbus-1.0/include -pthread '
GOOCANVAS_LIBS='-lgoocanvas-2.0 -lgtk-3 -lgdk-3 -lz -lpangocairo-1.0 -lpango-1.0 -lharfbuzz -latk-1.0 -lcairo-gobject -lgdk_pixbuf-2.0 -lgio-2.0 -lgobject-2.0 -lglib-2.0 -lcairo '
GREP='/usr/bin/grep'
GTKMM_CFLAGS='-I/usr/include/gtkmm-3.0 -I/usr/lib/x86_64-linux-gnu/gtkmm-3.0/include -I/usr/include/giomm-2.4 -I/usr/lib/x86_64-linux-gnu/giomm-2.4/include -I/usr/include/glib-2.0 -I/usr/lib/x86_64-linux-gnu/glib-2.0/include -I/usr/include/libmount -I/usr/include/blkid -I/usr/include/glibmm-2.4 -I/usr/lib/x86_64-linux-gnu/glibmm-2.4/include -I/usr/include/sigc++-2.0 -I/usr/lib/x86_64-linux-gnu/sigc++-2.0/include -I/usr/include/gtk-3.0 -I/usr/include/pango-1.0 -I/usr/include/harfbuzz -I/usr/include/freetype2 -I/usr/include/libpng16 -I/usr/include/fribidi -I/usr/include/cairo -I/usr/include/pixman-1 -I/usr/include/gdk-pixbuf-2.0 -I/usr/include/x86_64-linux-gnu -I/usr/include/webp -I/usr/include/gio-unix-2.0 -I/usr/include/atk-1.0 -I/usr/include/at-spi2-atk/2.0 -I/usr/include/at-spi-2.0 -I/usr/include/dbus-1.0 -I/usr/lib/x86_64-linux-gnu/dbus-1.0/include -I/usr/include/cairomm-1.0 -I/usr/lib/x86_64-linux-gnu/cairomm-1.0/include -I/usr/include/pangomm-1.4 -I/usr/lib/x86_64-linux-gnu/pangomm-1.4/include -I/usr/include/atkmm-1.6 -I/usr/lib/x86_64-linux-gnu/atkmm-1.6/include -I/usr/include/gtk-3.0/unix-print -I/usr/include/gdkmm-3.0 -I/usr/lib/x86_64-linux-gnu/gdkmm-3.0/include -pthread '
GTKMM_LIBS='-lgtkmm-3.0 -latkmm-1.6 -lgdkmm-3.0 -lgiomm-2.4 -lgtk-3 -lgdk-3 -lz -latk-1.0 -lcairo-gobject -lgio-2.0 -lpangomm-1.4 -lglibmm-2.4 -lcairomm-1.0 -lsigc-2.0 -lpangocairo-1.0 -lpango-1.0 -lharfbuzz -lcairo -lgdk_pixbuf-2.0 -lgobject-2.0 -lglib-2.0 '
HAVE_CXX14='1'
INSTALL_DATA='${INSTALL} -m 644'
INSTALL_PROGRAM='${INSTALL}'
INSTALL_SCRIPT='${INSTALL}'
INSTALL_STRIP_PROGRAM='$(install_sh) -c -s'
INTLLIBS=''
INTL_MACOSX_LIBS=''
JSONCPP_CFLAGS='-I/usr/include/jsoncpp '
JSONCPP_LIBS='-ljsoncpp '
LDFLAGS=''
LIBICONV='-liconv'
LIBINTL=''
LIBOBJS=''
LIBS=''
LTLIBICONV='-liconv'
LTLIBINTL=''
LTLIBOBJS=''
MAKEINFO='${SHELL} '\''/home/nxtwave/Desktop/CodeBase-HUB/multi-delogo/missing'\'' makeinfo'
MKDIR_P='/usr/bin/mkdir -p'
MSGFMT='/usr/bin/msgfmt'
MSGFMT_015='/usr/bin/msgfmt'
MSGMERGE='/usr/bin/msgmerge'
OBJEXT='o'
OPENCV_CFLAGS='-I/usr/include/opencv4 '
OPENCV_LIBS=' -lopencv_videoio -lopencv_imgproc -lopencv_core'
PACKAGE='multi-delogo'
PACKAGE_BUGREPORT=''
PACKAGE_NAME='multi-delogo'
PACKAGE_STRING='multi-delogo 2.5.0'
PACKAGE_TARNAME='multi-delogo'
PACKAGE_URL=''
PACKAGE_VERSION='2.5.0'
PATH_SEPARATOR=':'
PKG_CONFIG='/usr/bin/pkg-config'
PKG_CONFIG_LIBDIR=''
PKG_CONFIG_PATH=''
POSUB='po'
PTHREAD_CC='gcc'
PTHREAD_CFLAGS='-pthread'
PTHREAD_CXX='g++'
PTHREAD_LIBS='-lpthread'
RANLIB='ranlib'
RUN_TESTS_FALSE='#'
RUN_TESTS_TRUE=''
SED='/usr/bin/sed'
SET_MAKE=''
SHELL='/bin/bash'
STRIP=''
USE_NLS='yes'
VERSION='2.5.0'
WINDOWS_LDFLAGS=''
XGETTEXT='/usr/bin/xgettext'
XGETTEXT_015='/usr/bin/xgettext'
XGETTEXT_EXTRA_OPTIONS=''
ac_ct_CC='gcc'
ac_ct_CXX='g++'
am__EXEEXT_FALSE=''
am__EXEEXT_TRUE='#'
am__fastdepCC_FALSE='#'
am__fastdepCC_TRUE=''
am__fastdepCXX_FALSE='#'
am__fastdepCXX_TRUE=''
am__include='include'
am__isrc=''
am__leading_dot='.'
am__nodep='_no'
am__quote=''
am__tar='$${TAR-tar} chof - "$$tardir"'
am__untar='$${TAR-tar} xf -'
ax_pthread_config=''
bindir='${exec_prefix}/bin'
build='x86_64-pc-linux-gnu'
build_alias=''
build_cpu='x86_64'
build_os='linux-gnu'
build_vendor='pc'
datadir='${datarootdir}'
datarootdir='${prefix}/share'
docdir='${datarootdir}/doc/${PACKAGE_TARNAME}'
dvidir='${docdir}'
exec_prefix='${prefix}'
host='x86_64-pc-linux-gnu'
host_alias=''
host_cpu='x86_64'
host_os='linux-gnu'
host_vendor='pc'
htmldir='${docdir}'
includedir='${prefix}/include'
infodir='${datarootdir}/info'
install_sh='${SHELL} /home/nxtwave/Desktop/CodeBase-HUB/multi-delogo/install-sh'
libdir='${exec_prefix}/lib'
libexecdir='${exec_prefix}/libexec'
localedir='${datarootdir}/locale'
localstatedir='${prefix}/var'
mandir='${datarootdir}/man'
mkdir_p='$(MKDIR_P)'
oldincludedir='/usr/include'
pdfdir='${docdir}'
prefix='/usr/local'
program_transform_name='s,x,x,'
psdir='${docdir}'
runstatedir='${localstatedir}/run'
sbindir='${exec_prefix}/sbin'
sharedstatedir='${prefix}/com'
sysconfdir='${prefix}/etc'
target_alias=''

## ----------- ##
## confdefs.h. ##
## ----------- ##

/* confdefs.h */
#define PACKAGE_NAME "multi-delogo"
#define PACKAGE_TARNAME "multi-delogo"
#define PACKAGE_VERSION "2.5.0"
#define PACKAGE_STRING "multi-delogo 2.5.0"
#define PACKAGE_BUGREPORT ""
#define PACKAGE_URL ""
#define PACKAGE "multi-delogo"
#define VERSION "2.5.0"
#define HAVE_CXX14 1
#define HAVE_PTHREAD_PRIO_INHERIT 1
#define HAVE_PTHREAD 1
#define HAVE_BOOST /**/
#define HAVE_BOOST_UNIT_TEST_FRAMEWORK /**/
#define GETTEXT_PACKAGE "multi-delogo"
#define ENABLE_NLS 1
#define HAVE_GETTEXT 1
#define HAVE_DCGETTEXT 1

configure: exit 0

## ---------------------- ##
## Running config.status. ##
## ---------------------- ##

This file was extended by multi-delogo config.status 2.5.0, which was
generated by GNU Autoconf 2.71.  Invocation command line was

  CONFIG_FILES    = 
  CONFIG_HEADERS  = 
  CONFIG_LINKS    = 
  CONFIG_COMMANDS = 
  $ ./config.status 

on Lakshmi-Narayana-K

config.status:866: creating Makefile
config.status:866: creating src/Makefile
config.status:866: creating src/filter-generator/Makefile
config.status:866: creating src/opencv-frame-provider/Makefile
config.status:866: creating src/opencv-logo-finder/Makefile
config.status:866: creating src/batch-delogo/Makefile
config.status:866: creating src/gui/Makefile
config.status:866: creating test/Makefile
config.status:866: creating test/filter-generator/Makefile
config.status:866: creating test/opencv-logo-finder/Makefile
config.status:866: creating test/gui/Makefile
config.status:866: creating po/Makefile.in
config.status:866: creating docs/Makefile
config.status:1038: executing depfiles commands
config.status:1115: cd src/filter-generator       && sed -e '/# am--include-marker/d' Makefile         | make -f - am--depfiles
make[1]: warning: jobserver unavailable: using -j1.  Add '+' to parent make rule.
make[1]: Entering directory '/home/nxtwave/Desktop/CodeBase-HUB/multi-delogo/src/filter-generator'
make[1]: Nothing to be done for 'am--depfiles'.
make[1]: Leaving directory '/home/nxtwave/Desktop/CodeBase-HUB/multi-delogo/src/filter-generator'
config.status:1120: $? = 0
config.status:1115: cd src/opencv-frame-provider       && sed -e '/# am--include-marker/d' Makefile         | make -f - am--depfiles
make[1]: warning: jobserver unavailable: using -j1.  Add '+' to parent make rule.
make[1]: Entering directory '/home/nxtwave/Desktop/CodeBase-HUB/multi-delogo/src/opencv-frame-provider'
make[1]: Nothing to be done for 'am--depfiles'.
make[1]: Leaving directory '/home/nxtwave/Desktop/CodeBase-HUB/multi-delogo/src/opencv-frame-provider'
config.status:1120: $? = 0
config.status:1115: cd src/opencv-logo-finder       && sed -e '/# am--include-marker/d' Makefile         | make -f - am--depfiles
make[1]: warning: jobserver unavailable: using -j1.  Add '+' to parent make rule.
make[1]: Entering directory '/home/nxtwave/Desktop/CodeBase-HUB/multi-delogo/src/opencv-logo-finder'
make[1]: Nothing to be done for 'am--depfiles'.
make[1]: Leaving directory '/home/nxtwave/Desktop/CodeBase-HUB/multi-delogo/src/opencv-logo-finder'
config.status:1120: $? = 0
config.status:1115: cd src/batch-delogo       && sed -e '/# am--include-marker/d' Makefile         | make -f - am--depfiles
make[1]: warning: jobserver unavailable: using -j1.  Add '+' to parent make rule.
make[1]: Entering directory '/home/nxtwave/Desktop/CodeBase-HUB/multi-delogo/src/batch-delogo'
make[1]: Nothing to be done for 'am--depfiles'.
make[1]: Leaving directory '/home/nxtwave/Desktop/CodeBase-HUB/multi-delogo/src/batch-delogo'
config.status:1120: $? = 0
config.status:1115: cd src/gui       && sed -e '/# am--include-marker/d' Makefile         | make -f - am--depfiles
make[1]: warning: jobserver unavailable: using -j1.  Add '+' to parent make rule.
make[1]: Entering directory '/home/nxtwave/Desktop/CodeBase-HUB/multi-delogo/src/gui'
make[1]: Nothing to be done for 'am--depfiles'.
make[1]: Leaving directory '/home/nxtwave/Desktop/CodeBase-HUB/multi-delogo/src/gui'
config.status:1120: $? = 0
config.status:1115: cd test/filter-generator       && sed -e '/# am--include-marker/d' Makefile         | make -f - am--depfiles
make[1]: warning: jobserver unavailable: using -j1.  Add '+' to parent make rule.
make[1]: Entering directory '/home/nxtwave/Desktop/CodeBase-HUB/multi-delogo/test/filter-generator'
make[1]: Nothing to be done for 'am--depfiles'.
make[1]: Leaving directory '/home/nxtwave/Desktop/CodeBase-HUB/multi-delogo/test/filter-generator'
config.status:1120: $? = 0
config.status:1115: cd test/opencv-logo-finder       && sed -e '/# am--include-marker/d' Makefile         | make -f - am--depfiles
make[1]: warning: jobserver unavailable: using -j1.  Add '+' to parent make rule.
make[1]: Entering directory '/home/nxtwave/Desktop/CodeBase-HUB/multi-delogo/test/opencv-logo-finder'
make[1]: Nothing to be done for 'am--depfiles'.
make[1]: Leaving directory '/home/nxtwave/Desktop/CodeBase-HUB/multi-delogo/test/opencv-logo-finder'
config.status:1120: $? = 0
config.status:1115: cd test/gui       && sed -e '/# am--include-marker/d' Makefile         | make -f - am--depfiles
make[1]: warning: jobserver unavailable: using -j1.  Add '+' to parent make rule.
make[1]: Entering directory '/home/nxtwave/Desktop/CodeBase-HUB/multi-delogo/test/gui'
make[1]: Nothing to be done for 'am--depfiles'.
make[1]: Leaving directory '/home/nxtwave/Desktop/CodeBase-HUB/multi-delogo/test/gui'
config.status:1120: $? = 0
config.status:1038: executing po-directories commands

## ---------------------- ##
## Running config.status. ##
## ---------------------- ##

This file was extended by multi-delogo config.status 2.5.0, which was
generated by GNU Autoconf 2.71.  Invocation command line was

  CONFIG_FILES    = 
  CONFIG_HEADERS  = 
  CONFIG_LINKS    = 
  CONFIG_COMMANDS = 
  $ ./config.status 

on victor-sarkar

config.status:866: creating Makefile
config.status:866: creating src/Makefile
config.status:866: creating src/filter-generator/Makefile
config.status:866: creating src/opencv-frame-provider/Makefile
config.status:866: creating src/opencv-logo-finder/Makefile
config.status:866: creating src/batch-delogo/Makefile
config.status:866: creating src/gui/Makefile
config.status:866: creating test/Makefile
config.status:866: creating test/filter-generator/Makefile
config.status:866: creating test/opencv-logo-finder/Makefile
config.status:866: creating test/gui/Makefile
config.status:866: creating po/Makefile.in
config.status:866: creating docs/Makefile
config.status:1038: executing depfiles commands
config.status:1115: cd src/filter-generator       && sed -e '/# am--include-marker/d' Makefile         | make -f - am--depfiles
make[1]: Entering directory '/home/nxtwave/Documents/nxtwave_projects/multi-delogo/src/filter-generator'
make[1]: Nothing to be done for 'am--depfiles'.
make[1]: Leaving directory '/home/nxtwave/Documents/nxtwave_projects/multi-delogo/src/filter-generator'
config.status:1120: $? = 0
config.status:1115: cd src/opencv-frame-provider       && sed -e '/# am--include-marker/d' Makefile         | make -f - am--depfiles
make[1]: Entering directory '/home/nxtwave/Documents/nxtwave_projects/multi-delogo/src/opencv-frame-provider'
make[1]: Nothing to be done for 'am--depfiles'.
make[1]: Leaving directory '/home/nxtwave/Documents/nxtwave_projects/multi-delogo/src/opencv-frame-provider'
config.status:1120: $? = 0
config.status:1115: cd src/opencv-logo-finder       && sed -e '/# am--include-marker/d' Makefile         | make -f - am--depfiles
make[1]: Entering directory '/home/nxtwave/Documents/nxtwave_projects/multi-delogo/src/opencv-logo-finder'
make[1]: Nothing to be done for 'am--depfiles'.
make[1]: Leaving directory '/home/nxtwave/Documents/nxtwave_projects/multi-delogo/src/opencv-logo-finder'
config.status:1120: $? = 0
config.status:1115: cd src/batch-delogo       && sed -e '/# am--include-marker/d' Makefile         | make -f - am--depfiles
make[1]: Entering directory '/home/nxtwave/Documents/nxtwave_projects/multi-delogo/src/batch-delogo'
make[1]: Nothing to be done for 'am--depfiles'.
make[1]: Leaving directory '/home/nxtwave/Documents/nxtwave_projects/multi-delogo/src/batch-delogo'
config.status:1120: $? = 0
config.status:1115: cd src/gui       && sed -e '/# am--include-marker/d' Makefile         | make -f - am--depfiles
make[1]: Entering directory '/home/nxtwave/Documents/nxtwave_projects/multi-delogo/src/gui'
make[1]: Nothing to be done for 'am--depfiles'.
make[1]: Leaving directory '/home/nxtwave/Documents/nxtwave_projects/multi-delogo/src/gui'
config.status:1120: $? = 0
config.status:1115: cd test/filter-generator       && sed -e '/# am--include-marker/d' Makefile         | make -f - am--depfiles
make[1]: Entering directory '/home/nxtwave/Documents/nxtwave_projects/multi-delogo/test/filter-generator'
make[1]: Nothing to be done for 'am--depfiles'.
make[1]: Leaving directory '/home/nxtwave/Documents/nxtwave_projects/multi-delogo/test/filter-generator'
config.status:1120: $? = 0
config.status:1115: cd test/opencv-logo-finder       && sed -e '/# am--include-marker/d' Makefile         | make -f - am--depfiles
make[1]: Entering directory '/home/nxtwave/Documents/nxtwave_projects/multi-delogo/test/opencv-logo-finder'
make[1]: Nothing to be done for 'am--depfiles'.
make[1]: Leaving directory '/home/nxtwave/Documents/nxtwave_projects/multi-delogo/test/opencv-logo-finder'
config.status:1120: $? = 0
config.status:1115: cd test/gui       && sed -e '/# am--include-marker/d' Makefile         | make -f - am--depfiles
make[1]: Entering directory '/home/nxtwave/Documents/nxtwave_projects/multi-delogo/test/gui'
make[1]: Nothing to be done for 'am--depfiles'.
make[1]: Leaving directory '/home/nxtwave/Documents/nxtwave_projects/multi-delogo/test/gui'
config.status:1120: $? = 0
config.status:1038: executing po-directories commands
